Release 14.7 - xst P.20131013 (nt)
Copyright (c) 1995-2013 Xilinx, Inc.  All rights reserved.
--> Parameter TMPDIR set to xst/projnav.tmp


Total REAL time to Xst completion: 0.00 secs
Total CPU time to Xst completion: 0.19 secs
 
--> Parameter xsthdpdir set to xst


Total REAL time to Xst completion: 0.00 secs
Total CPU time to Xst completion: 0.19 secs
 
--> Reading design: com_plat.prj

TABLE OF CONTENTS
  1) Synthesis Options Summary
  2) HDL Parsing
  3) HDL Elaboration
  4) HDL Synthesis
       4.1) HDL Synthesis Report
  5) Advanced HDL Synthesis
       5.1) Advanced HDL Synthesis Report
  6) Low Level Synthesis
  7) Partition Report
  8) Design Summary
       8.1) Primitive and Black Box Usage
       8.2) Device utilization summary
       8.3) Partition Resource Summary
       8.4) Timing Report
            8.4.1) Clock Information
            8.4.2) Asynchronous Control Signals Information
            8.4.3) Timing Summary
            8.4.4) Timing Details
            8.4.5) Cross Clock Domains Report


=========================================================================
*                      Synthesis Options Summary                        *
=========================================================================
---- Source Parameters
Input File Name                    : "com_plat.prj"
Ignore Synthesis Constraint File   : NO

---- Target Parameters
Output File Name                   : "com_plat"
Output Format                      : NGC
Target Device                      : xc6slx100-2-fgg676

---- Source Options
Top Module Name                    : com_plat
Automatic FSM Extraction           : YES
FSM Encoding Algorithm             : Auto
Safe Implementation                : No
FSM Style                          : LUT
RAM Extraction                     : Yes
RAM Style                          : Auto
ROM Extraction                     : Yes
Shift Register Extraction          : YES
ROM Style                          : Auto
Resource Sharing                   : YES
Asynchronous To Synchronous        : NO
Shift Register Minimum Size        : 2
Use DSP Block                      : Auto
Automatic Register Balancing       : No

---- Target Options
LUT Combining                      : Auto
Reduce Control Sets                : Auto
Add IO Buffers                     : YES
Global Maximum Fanout              : 100000
Add Generic Clock Buffer(BUFG)     : 16
Register Duplication               : YES
Optimize Instantiated Primitives   : NO
Use Clock Enable                   : Auto
Use Synchronous Set                : Auto
Use Synchronous Reset              : Auto
Pack IO Registers into IOBs        : Auto
Equivalent register Removal        : YES

---- General Options
Optimization Goal                  : Speed
Optimization Effort                : 1
Power Reduction                    : NO
Keep Hierarchy                     : No
Netlist Hierarchy                  : As_Optimized
RTL Output                         : Yes
Global Optimization                : AllClockNets
Read Cores                         : YES
Write Timing Constraints           : NO
Cross Clock Analysis               : NO
Hierarchy Separator                : /
Bus Delimiter                      : <>
Case Specifier                     : Maintain
Slice Utilization Ratio            : 100
BRAM Utilization Ratio             : 100
DSP48 Utilization Ratio            : 100
Auto BRAM Packing                  : NO
Slice Utilization Ratio Delta      : 5

=========================================================================


=========================================================================
*                          HDL Parsing                                  *
=========================================================================
Analyzing Verilog file "\\vboxsrv\virtualspace\OldDriver_OS\vhdl_src\RSP_manual\async.v" into library work
Parsing module <async_transmitter>.
Parsing module <async_receiver>.
Parsing module <ASSERTION_ERROR>.
Parsing module <BaudTickGen>.
Parsing VHDL file "\\vboxsrv\virtualspace\OldDriver_OS\vhdl_src\RSP_manual\com.vhd" into library work
Parsing entity <com>.
Parsing architecture <behavioral> of entity <com>.
Parsing VHDL file "\\vboxsrv\virtualspace\OldDriver_OS\vhdl_src\RSP_manual\com_plat.vhd" into library work
Parsing entity <com_plat>.
Parsing architecture <behavior> of entity <com_plat>.

=========================================================================
*                            HDL Elaboration                            *
=========================================================================

Elaborating entity <com_plat> (architecture <behavior>) from library <work>.

Elaborating entity <com> (architecture <behavioral>) from library <work>.
Going to verilog side to elaborate module async_receiver

Elaborating module <async_receiver(ClkFrequency=11059200,Baud=115200,Oversampling=8)>.

Elaborating module <BaudTickGen(ClkFrequency=11059200,Baud=115200,Oversampling=8)>.
Back to vhdl to continue elaboration
Going to verilog side to elaborate module async_transmitter

Elaborating module <async_transmitter(ClkFrequency=11059200,Baud=115200)>.

Elaborating module <BaudTickGen(ClkFrequency=11059200,Baud=115200)>.
Back to vhdl to continue elaboration

=========================================================================
*                           HDL Synthesis                               *
=========================================================================

Synthesizing Unit <com_plat>.
    Related source file is "\\vboxsrv\virtualspace\OldDriver_OS\vhdl_src\RSP_manual\com_plat.vhd".
    Found 2-bit register for signal <st_pc>.
    Found 2-bit register for signal <st_ob>.
    Found 1-bit register for signal <ob_is_write>.
    Found 1-bit register for signal <ob_is_read>.
    Found 1-bit register for signal <pc_is_write>.
    Found 1-bit register for signal <pc_is_read>.
    Found 8-bit register for signal <ob_write_data>.
    Found 8-bit register for signal <pc_write_data>.
    Found 2-bit register for signal <count>.
    Found finite state machine <FSM_0> for signal <st_pc>.
    -----------------------------------------------------------------------
    | States             | 2                                              |
    | Transitions        | 6                                              |
    | Inputs             | 3                                              |
    | Outputs            | 1                                              |
    | Clock              | clk (falling_edge)                             |
    | Reset              | rst (negative)                                 |
    | Reset type         | asynchronous                                   |
    | Reset State        | 00                                             |
    | Encoding           | auto                                           |
    | Implementation     | LUT                                            |
    -----------------------------------------------------------------------
    Found finite state machine <FSM_1> for signal <st_ob>.
    -----------------------------------------------------------------------
    | States             | 2                                              |
    | Transitions        | 6                                              |
    | Inputs             | 3                                              |
    | Outputs            | 1                                              |
    | Clock              | clk (falling_edge)                             |
    | Reset              | rst (negative)                                 |
    | Reset type         | asynchronous                                   |
    | Reset State        | 00                                             |
    | Encoding           | auto                                           |
    | Implementation     | LUT                                            |
    -----------------------------------------------------------------------
    Found 2-bit adder for signal <count[1]_GND_6_o_add_0_OUT> created at line 75.
    Summary:
	inferred   1 Adder/Subtractor(s).
	inferred  22 D-type flip-flop(s).
	inferred   4 Multiplexer(s).
	inferred   2 Finite State Machine(s).
Unit <com_plat> synthesized.

Synthesizing Unit <com>.
    Related source file is "\\vboxsrv\virtualspace\OldDriver_OS\vhdl_src\RSP_manual\com.vhd".
INFO:Xst:3210 - "\\vboxsrv\virtualspace\OldDriver_OS\vhdl_src\RSP_manual\com.vhd" line 83: Output port <RxD_idle> of the instance <u3> is unconnected or connected to loadless signal.
INFO:Xst:3210 - "\\vboxsrv\virtualspace\OldDriver_OS\vhdl_src\RSP_manual\com.vhd" line 83: Output port <RxD_endofpacket> of the instance <u3> is unconnected or connected to loadless signal.
    Found 1-bit register for signal <writable_reg>.
    Found 8-bit register for signal <TxD_data_reg0>.
    Found 8-bit register for signal <TxD_data_reg1>.
    Found 8-bit register for signal <TxD_data_reg>.
    Found 8-bit register for signal <TxD_data_s>.
    Found 8-bit register for signal <RxD_data_reg0>.
    Found 8-bit register for signal <RxD_data_reg1>.
    Found 8-bit register for signal <RxD_data_out>.
    Found 1-bit register for signal <TxD_start_psyn_t1>.
    Found 1-bit register for signal <TxD_start_psyn_t2>.
    Found 1-bit register for signal <TxD_start_wait>.
    Found 1-bit register for signal <TxD_start>.
    Found 1-bit register for signal <TxD_busy_dsyn_t0>.
    Found 1-bit register for signal <TxD_busy_dsyn_t1>.
    Found 1-bit register for signal <TxD_busy_dsyn_t2>.
    Found 1-bit register for signal <TxD_data_prepare>.
    Found 1-bit register for signal <TxD_start_psyn_s>.
    Found 1-bit register for signal <RxD_data_ready_dsyn_t0>.
    Found 1-bit register for signal <RxD_data_ready_dsyn_t1>.
    Found 1-bit register for signal <RxD_data_ready_dsyn_t2>.
    Found 1-bit register for signal <readable_reg>.
    Found 1-bit register for signal <TxD_start_psyn_t0>.
    Summary:
	inferred  71 D-type flip-flop(s).
Unit <com> synthesized.

Synthesizing Unit <async_receiver>.
    Related source file is "\\vboxsrv\virtualspace\OldDriver_OS\vhdl_src\RSP_manual\async.v".
        ClkFrequency = 11059200
        Baud = 115200
        Oversampling = 8
    Found 2-bit register for signal <Filter_cnt>.
    Found 1-bit register for signal <RxD_bit>.
    Found 3-bit register for signal <OversamplingCnt>.
    Found 4-bit register for signal <RxD_state>.
    Found 8-bit register for signal <RxD_data>.
    Found 1-bit register for signal <RxD_data_ready>.
    Found 6-bit register for signal <GapCnt>.
    Found 1-bit register for signal <RxD_endofpacket>.
    Found 2-bit register for signal <RxD_sync>.
    Found finite state machine <FSM_2> for signal <RxD_state>.
    -----------------------------------------------------------------------
    | States             | 11                                             |
    | Transitions        | 32                                             |
    | Inputs             | 3                                              |
    | Outputs            | 3                                              |
    | Clock              | clk (rising_edge)                              |
    | Power Up State     | 0000                                           |
    | Encoding           | auto                                           |
    | Implementation     | LUT                                            |
    -----------------------------------------------------------------------
    Found 2-bit subtractor for signal <Filter_cnt[1]_GND_9_o_sub_10_OUT> created at line 125.
    Found 2-bit adder for signal <Filter_cnt[1]_GND_9_o_add_6_OUT> created at line 123.
    Found 3-bit adder for signal <OversamplingCnt[2]_GND_9_o_add_18_OUT> created at line 136.
    Found 6-bit adder for signal <GapCnt[5]_GND_9_o_add_44_OUT> created at line 168.
    Summary:
	inferred   3 Adder/Subtractor(s).
	inferred  24 D-type flip-flop(s).
	inferred   1 Finite State Machine(s).
Unit <async_receiver> synthesized.

Synthesizing Unit <BaudTickGen_1>.
    Related source file is "\\vboxsrv\virtualspace\OldDriver_OS\vhdl_src\RSP_manual\async.v".
        ClkFrequency = 11059200
        Baud = 115200
        Oversampling = 8
    Found 16-bit register for signal <Acc>.
    Found 16-bit adder for signal <GND_10_o_BUS_0793_mux_2_OUT> created at line 195.
    Summary:
	inferred   1 Adder/Subtractor(s).
	inferred  16 D-type flip-flop(s).
Unit <BaudTickGen_1> synthesized.

Synthesizing Unit <async_transmitter>.
    Related source file is "\\vboxsrv\virtualspace\OldDriver_OS\vhdl_src\RSP_manual\async.v".
        ClkFrequency = 11059200
        Baud = 115200
    Found 4-bit register for signal <TxD_state>.
    Found 8-bit register for signal <TxD_shift>.
    Found finite state machine <FSM_3> for signal <TxD_state>.
    -----------------------------------------------------------------------
    | States             | 12                                             |
    | Transitions        | 24                                             |
    | Inputs             | 2                                              |
    | Outputs            | 3                                              |
    | Clock              | clk (rising_edge)                              |
    | Power Up State     | 0000                                           |
    | Encoding           | auto                                           |
    | Implementation     | LUT                                            |
    -----------------------------------------------------------------------
    Summary:
	inferred   8 D-type flip-flop(s).
	inferred   1 Multiplexer(s).
	inferred   1 Finite State Machine(s).
Unit <async_transmitter> synthesized.

Synthesizing Unit <BaudTickGen_2>.
    Related source file is "\\vboxsrv\virtualspace\OldDriver_OS\vhdl_src\RSP_manual\async.v".
        ClkFrequency = 11059200
        Baud = 115200
        Oversampling = 1
    Found 16-bit register for signal <Acc>.
    Found 16-bit adder for signal <n0007> created at line 195.
    Summary:
	inferred   1 Adder/Subtractor(s).
	inferred  16 D-type flip-flop(s).
	inferred   1 Multiplexer(s).
Unit <BaudTickGen_2> synthesized.

=========================================================================
HDL Synthesis Report

Macro Statistics
# Adders/Subtractors                                   : 11
 16-bit adder                                          : 4
 2-bit adder                                           : 1
 2-bit addsub                                          : 2
 3-bit adder                                           : 2
 6-bit adder                                           : 2
# Registers                                            : 73
 1-bit register                                        : 40
 16-bit register                                       : 4
 2-bit register                                        : 5
 3-bit register                                        : 2
 6-bit register                                        : 2
 8-bit register                                        : 20
# Multiplexers                                         : 8
 1-bit 2-to-1 multiplexer                              : 4
 16-bit 2-to-1 multiplexer                             : 2
 8-bit 2-to-1 multiplexer                              : 2
# FSMs                                                 : 6
# Xors                                                 : 2
 1-bit xor2                                            : 2

=========================================================================

=========================================================================
*                       Advanced HDL Synthesis                          *
=========================================================================


Synthesizing (advanced) Unit <async_receiver>.
The following registers are absorbed into counter <OversamplingCnt>: 1 register on signal <OversamplingCnt>.
The following registers are absorbed into counter <Filter_cnt>: 1 register on signal <Filter_cnt>.
The following registers are absorbed into counter <GapCnt>: 1 register on signal <GapCnt>.
Unit <async_receiver> synthesized (advanced).

Synthesizing (advanced) Unit <com_plat>.
The following registers are absorbed into counter <count>: 1 register on signal <count>.
Unit <com_plat> synthesized (advanced).

=========================================================================
Advanced HDL Synthesis Report

Macro Statistics
# Adders/Subtractors                                   : 4
 16-bit adder                                          : 4
# Counters                                             : 7
 2-bit up counter                                      : 1
 2-bit updown counter                                  : 2
 3-bit up counter                                      : 2
 6-bit up counter                                      : 2
# Registers                                            : 268
 Flip-Flops                                            : 268
# Multiplexers                                         : 8
 1-bit 2-to-1 multiplexer                              : 4
 16-bit 2-to-1 multiplexer                             : 2
 8-bit 2-to-1 multiplexer                              : 2
# FSMs                                                 : 6
# Xors                                                 : 2
 1-bit xor2                                            : 2

=========================================================================

=========================================================================
*                         Low Level Synthesis                           *
=========================================================================
Analyzing FSM <MFsm> for best encoding.
Optimizing FSM <FSM_0> on signal <st_pc[1:1]> with sequential encoding.
-------------------
 State | Encoding
-------------------
 00    | 0
 01    | 1
-------------------
Analyzing FSM <MFsm> for best encoding.
Optimizing FSM <FSM_1> on signal <st_ob[1:1]> with sequential encoding.
-------------------
 State | Encoding
-------------------
 00    | 0
 01    | 1
-------------------
Analyzing FSM <MFsm> for best encoding.
Optimizing FSM <u0/u3/FSM_2> on signal <RxD_state[1:4]> with user encoding.
Optimizing FSM <u1/u3/FSM_2> on signal <RxD_state[1:4]> with user encoding.
-------------------
 State | Encoding
-------------------
 0000  | 0000
 0001  | 0001
 1000  | 1000
 1001  | 1001
 1010  | 1010
 1011  | 1011
 1100  | 1100
 1101  | 1101
 1110  | 1110
 1111  | 1111
 0010  | 0010
-------------------
Analyzing FSM <MFsm> for best encoding.
Optimizing FSM <u0/u4/FSM_3> on signal <TxD_state[1:4]> with user encoding.
Optimizing FSM <u1/u4/FSM_3> on signal <TxD_state[1:4]> with user encoding.
-------------------
 State | Encoding
-------------------
 0000  | 0000
 0100  | 0100
 0011  | 0011
 1000  | 1000
 1001  | 1001
 1010  | 1010
 1011  | 1011
 1100  | 1100
 1101  | 1101
 1110  | 1110
 1111  | 1111
 0010  | 0010
-------------------
WARNING:Xst:2677 - Node <count_1> of sequential type is unconnected in block <com_plat>.

Optimizing unit <BaudTickGen_1> ...

Optimizing unit <com_plat> ...

Optimizing unit <com> ...

Optimizing unit <async_receiver> ...

Optimizing unit <async_transmitter> ...

Optimizing unit <BaudTickGen_2> ...
WARNING:Xst:2677 - Node <u0/u3/GapCnt_5> of sequential type is unconnected in block <com_plat>.
WARNING:Xst:2677 - Node <u0/u3/GapCnt_4> of sequential type is unconnected in block <com_plat>.
WARNING:Xst:2677 - Node <u0/u3/GapCnt_3> of sequential type is unconnected in block <com_plat>.
WARNING:Xst:2677 - Node <u0/u3/GapCnt_2> of sequential type is unconnected in block <com_plat>.
WARNING:Xst:2677 - Node <u0/u3/GapCnt_1> of sequential type is unconnected in block <com_plat>.
WARNING:Xst:2677 - Node <u0/u3/GapCnt_0> of sequential type is unconnected in block <com_plat>.
WARNING:Xst:2677 - Node <u0/u3/RxD_endofpacket> of sequential type is unconnected in block <com_plat>.
WARNING:Xst:2677 - Node <u1/u3/GapCnt_5> of sequential type is unconnected in block <com_plat>.
WARNING:Xst:2677 - Node <u1/u3/GapCnt_4> of sequential type is unconnected in block <com_plat>.
WARNING:Xst:2677 - Node <u1/u3/GapCnt_3> of sequential type is unconnected in block <com_plat>.
WARNING:Xst:2677 - Node <u1/u3/GapCnt_2> of sequential type is unconnected in block <com_plat>.
WARNING:Xst:2677 - Node <u1/u3/GapCnt_1> of sequential type is unconnected in block <com_plat>.
WARNING:Xst:2677 - Node <u1/u3/GapCnt_0> of sequential type is unconnected in block <com_plat>.
WARNING:Xst:2677 - Node <u1/u3/RxD_endofpacket> of sequential type is unconnected in block <com_plat>.
INFO:Xst:2261 - The FF/Latch <u1/u3/tickgen/Acc_0> in Unit <com_plat> is equivalent to the following FF/Latch, which will be removed : <u0/u3/tickgen/Acc_0> 
INFO:Xst:2261 - The FF/Latch <u1/u3/tickgen/Acc_1> in Unit <com_plat> is equivalent to the following FF/Latch, which will be removed : <u0/u3/tickgen/Acc_1> 
INFO:Xst:2261 - The FF/Latch <u1/u3/tickgen/Acc_2> in Unit <com_plat> is equivalent to the following FF/Latch, which will be removed : <u0/u3/tickgen/Acc_2> 
INFO:Xst:2261 - The FF/Latch <u1/u3/tickgen/Acc_3> in Unit <com_plat> is equivalent to the following FF/Latch, which will be removed : <u0/u3/tickgen/Acc_3> 
INFO:Xst:2261 - The FF/Latch <u1/u3/tickgen/Acc_4> in Unit <com_plat> is equivalent to the following FF/Latch, which will be removed : <u0/u3/tickgen/Acc_4> 
INFO:Xst:2261 - The FF/Latch <u1/u3/tickgen/Acc_5> in Unit <com_plat> is equivalent to the following FF/Latch, which will be removed : <u0/u3/tickgen/Acc_5> 
INFO:Xst:2261 - The FF/Latch <u1/u3/tickgen/Acc_6> in Unit <com_plat> is equivalent to the following FF/Latch, which will be removed : <u0/u3/tickgen/Acc_6> 
INFO:Xst:2261 - The FF/Latch <u1/u3/tickgen/Acc_7> in Unit <com_plat> is equivalent to the following FF/Latch, which will be removed : <u0/u3/tickgen/Acc_7> 
INFO:Xst:2261 - The FF/Latch <u1/u3/tickgen/Acc_8> in Unit <com_plat> is equivalent to the following FF/Latch, which will be removed : <u0/u3/tickgen/Acc_8> 
INFO:Xst:2261 - The FF/Latch <u1/u3/tickgen/Acc_9> in Unit <com_plat> is equivalent to the following FF/Latch, which will be removed : <u0/u3/tickgen/Acc_9> 
INFO:Xst:2261 - The FF/Latch <u1/u3/tickgen/Acc_10> in Unit <com_plat> is equivalent to the following FF/Latch, which will be removed : <u0/u3/tickgen/Acc_10> 
INFO:Xst:2261 - The FF/Latch <u1/u3/tickgen/Acc_11> in Unit <com_plat> is equivalent to the following FF/Latch, which will be removed : <u0/u3/tickgen/Acc_11> 
INFO:Xst:2261 - The FF/Latch <u1/u3/tickgen/Acc_12> in Unit <com_plat> is equivalent to the following FF/Latch, which will be removed : <u0/u3/tickgen/Acc_12> 
INFO:Xst:2261 - The FF/Latch <u1/u3/tickgen/Acc_13> in Unit <com_plat> is equivalent to the following FF/Latch, which will be removed : <u0/u3/tickgen/Acc_13> 
INFO:Xst:2261 - The FF/Latch <u1/u3/tickgen/Acc_14> in Unit <com_plat> is equivalent to the following FF/Latch, which will be removed : <u0/u3/tickgen/Acc_14> 
INFO:Xst:2261 - The FF/Latch <u1/u3/tickgen/Acc_15> in Unit <com_plat> is equivalent to the following FF/Latch, which will be removed : <u0/u3/tickgen/Acc_15> 

Mapping all equations...
Building and optimizing final netlist ...
Found area constraint ratio of 100 (+ 5) on block com_plat, actual ratio is 0.

Final Macro Processing ...

Processing Unit <com_plat> :
	Found 2-bit shift register for signal <u0/u3/RxD_sync_1>.
	Found 2-bit shift register for signal <u1/u3/RxD_sync_1>.
Unit <com_plat> processed.

=========================================================================
Final Register Report

Macro Statistics
# Registers                                            : 275
 Flip-Flops                                            : 275
# Shift Registers                                      : 2
 2-bit shift register                                  : 2

=========================================================================

=========================================================================
*                           Partition Report                            *
=========================================================================

Partition Implementation Status
-------------------------------

  No Partitions were found in this design.

-------------------------------

=========================================================================
*                            Design Summary                             *
=========================================================================

Top Level Output File Name         : com_plat.ngc

Primitive and Black Box Usage:
------------------------------
# BELS                             : 299
#      GND                         : 1
#      INV                         : 23
#      LUT1                        : 28
#      LUT2                        : 18
#      LUT3                        : 14
#      LUT4                        : 64
#      LUT5                        : 38
#      LUT6                        : 20
#      MUXCY                       : 47
#      VCC                         : 1
#      XORCY                       : 45
# FlipFlops/Latches                : 277
#      FD                          : 85
#      FDC_1                       : 98
#      FDCE_1                      : 48
#      FDE                         : 22
#      FDE_1                       : 16
#      FDP_1                       : 2
#      FDRE                        : 6
# Shift Registers                  : 2
#      SRLC16E                     : 2
# Clock Buffers                    : 3
#      BUFG                        : 1
#      BUFGP                       : 2
# IO Buffers                       : 21
#      IBUF                        : 3
#      OBUF                        : 18

Device utilization summary:
---------------------------

Selected Device : 6slx100fgg676-2 


Slice Logic Utilization: 
 Number of Slice Registers:             277  out of  126576     0%  
 Number of Slice LUTs:                  207  out of  63288     0%  
    Number used as Logic:               205  out of  63288     0%  
    Number used as Memory:                2  out of  15616     0%  
       Number used as SRL:                2

Slice Logic Distribution: 
 Number of LUT Flip Flop pairs used:    361
   Number with an unused Flip Flop:      84  out of    361    23%  
   Number with an unused LUT:           154  out of    361    42%  
   Number of fully used LUT-FF pairs:   123  out of    361    34%  
   Number of unique control sets:        19

IO Utilization: 
 Number of IOs:                          23
 Number of bonded IOBs:                  23  out of    480     4%  

Specific Feature Utilization:
 Number of BUFG/BUFGCTRLs:                3  out of     16    18%  

---------------------------
Partition Resource Summary:
---------------------------

  No Partitions were found in this design.

---------------------------


=========================================================================
Timing Report

NOTE: THESE TIMING NUMBERS ARE ONLY A SYNTHESIS ESTIMATE.
      FOR ACCURATE TIMING INFORMATION PLEASE REFER TO THE TRACE REPORT
      GENERATED AFTER PLACE-and-ROUTE.

Clock Information:
------------------
-----------------------------------+------------------------+-------+
Clock Signal                       | Clock buffer(FF name)  | Load  |
-----------------------------------+------------------------+-------+
count_0                            | BUFG                   | 106   |
clk50                              | BUFGP                  | 1     |
clk11                              | BUFGP                  | 172   |
-----------------------------------+------------------------+-------+

Asynchronous Control Signals Information:
----------------------------------------
No asynchronous control signals found in this design

Timing Summary:
---------------
Speed Grade: -2

   Minimum period: 4.274ns (Maximum Frequency: 233.973MHz)
   Minimum input arrival time before clock: 5.079ns
   Maximum output required time after clock: 6.506ns
   Maximum combinational path delay: No path found

Timing Details:
---------------
All values displayed in nanoseconds (ns)

=========================================================================
Timing constraint: Default period analysis for Clock 'count_0'
  Clock period: 2.926ns (frequency: 341.763MHz)
  Total number of paths / destination ports: 208 / 134
-------------------------------------------------------------------------
Delay:               2.926ns (Levels of Logic = 1)
  Source:            st_ob_FSM_FFd1 (FF)
  Destination:       pc_write_data_0 (FF)
  Source Clock:      count_0 falling
  Destination Clock: count_0 falling

  Data Path: st_ob_FSM_FFd1 to pc_write_data_0
                                Gate     Net
    Cell:in->out      fanout   Delay   Delay  Logical Name (Net Name)
    ----------------------------------------  ------------
     FDC_1:C->Q            3   0.525   0.874  st_ob_FSM_FFd1 (st_ob_FSM_FFd1)
     LUT2:I0->O            9   0.250   0.975  st_ob[1]_GND_6_o_Mux_16_o1 (st_ob[1]_GND_6_o_Mux_16_o)
     FDE_1:CE                  0.302          pc_write_data_0
    ----------------------------------------
    Total                      2.926ns (1.077ns logic, 1.849ns route)
                                       (36.8% logic, 63.2% route)

=========================================================================
Timing constraint: Default period analysis for Clock 'clk50'
  Clock period: 2.216ns (frequency: 451.264MHz)
  Total number of paths / destination ports: 1 / 1
-------------------------------------------------------------------------
Delay:               2.216ns (Levels of Logic = 1)
  Source:            count_0 (FF)
  Destination:       count_0 (FF)
  Source Clock:      clk50 rising
  Destination Clock: clk50 rising

  Data Path: count_0 to count_0
                                Gate     Net
    Cell:in->out      fanout   Delay   Delay  Logical Name (Net Name)
    ----------------------------------------  ------------
     FD:C->Q               1   0.525   0.681  count_0 (count_0)
     INV:I->O              1   0.255   0.681  Mcount_count_xor<0>11_INV_0 (Result<0>)
     FD:D                      0.074          count_0
    ----------------------------------------
    Total                      2.216ns (0.854ns logic, 1.362ns route)
                                       (38.5% logic, 61.5% route)

=========================================================================
Timing constraint: Default period analysis for Clock 'clk11'
  Clock period: 4.274ns (frequency: 233.973MHz)
  Total number of paths / destination ports: 1123 / 204
-------------------------------------------------------------------------
Delay:               2.137ns (Levels of Logic = 1)
  Source:            u0/TxD_start (FF)
  Destination:       u0/u4/TxD_shift_6 (FF)
  Source Clock:      clk11 falling
  Destination Clock: clk11 rising

  Data Path: u0/TxD_start to u0/u4/TxD_shift_6
                                Gate     Net
    Cell:in->out      fanout   Delay   Delay  Logical Name (Net Name)
    ----------------------------------------  ------------
     FDC_1:C->Q           10   0.525   1.284  u0/TxD_start (u0/TxD_start)
     LUT6:I2->O            1   0.254   0.000  u0/u4/TxD_shift_6_rstpot (u0/u4/TxD_shift_6_rstpot)
     FD:D                      0.074          u0/u4/TxD_shift_6
    ----------------------------------------
    Total                      2.137ns (0.853ns logic, 1.284ns route)
                                       (39.9% logic, 60.1% route)

=========================================================================
Timing constraint: Default OFFSET IN BEFORE for Clock 'count_0'
  Total number of paths / destination ports: 90 / 90
-------------------------------------------------------------------------
Offset:              5.079ns (Levels of Logic = 2)
  Source:            rst (PAD)
  Destination:       pc_is_read (FF)
  Destination Clock: count_0 falling

  Data Path: rst to pc_is_read
                                Gate     Net
    Cell:in->out      fanout   Delay   Delay  Logical Name (Net Name)
    ----------------------------------------  ------------
     IBUF:I->O             1   1.328   0.681  rst_IBUF (rst_IBUF)
     INV:I->O            148   0.255   2.356  rst_inv1_INV_0 (rst_inv)
     FDC_1:CLR                 0.459          pc_is_read
    ----------------------------------------
    Total                      5.079ns (2.042ns logic, 3.037ns route)
                                       (40.2% logic, 59.8% route)

=========================================================================
Timing constraint: Default OFFSET IN BEFORE for Clock 'clk11'
  Total number of paths / destination ports: 60 / 60
-------------------------------------------------------------------------
Offset:              5.079ns (Levels of Logic = 2)
  Source:            rst (PAD)
  Destination:       u1/TxD_data_reg_7 (FF)
  Destination Clock: clk11 falling

  Data Path: rst to u1/TxD_data_reg_7
                                Gate     Net
    Cell:in->out      fanout   Delay   Delay  Logical Name (Net Name)
    ----------------------------------------  ------------
     IBUF:I->O             1   1.328   0.681  rst_IBUF (rst_IBUF)
     INV:I->O            148   0.255   2.356  rst_inv1_INV_0 (rst_inv)
     FDC_1:CLR                 0.459          u1/TxD_data_reg0_0
    ----------------------------------------
    Total                      5.079ns (2.042ns logic, 3.037ns route)
                                       (40.2% logic, 59.8% route)

=========================================================================
Timing constraint: Default OFFSET OUT AFTER for Clock 'clk11'
  Total number of paths / destination ports: 10 / 2
-------------------------------------------------------------------------
Offset:              6.506ns (Levels of Logic = 2)
  Source:            u0/u4/TxD_state_FSM_FFd1 (FF)
  Destination:       TxD (PAD)
  Source Clock:      clk11 rising

  Data Path: u0/u4/TxD_state_FSM_FFd1 to TxD
                                Gate     Net
    Cell:in->out      fanout   Delay   Delay  Logical Name (Net Name)
    ----------------------------------------  ------------
     FD:C->Q              43   0.525   2.134  u0/u4/TxD_state_FSM_FFd1 (u0/u4/TxD_state_FSM_FFd1)
     LUT5:I0->O            1   0.254   0.681  u0/u4/TxD1 (TxD_OBUF)
     OBUF:I->O                 2.912          TxD_OBUF (TxD)
    ----------------------------------------
    Total                      6.506ns (3.691ns logic, 2.815ns route)
                                       (56.7% logic, 43.3% route)

=========================================================================

Cross Clock Domains Report:
--------------------------

Clock to Setup on destination clock clk11
---------------+---------+---------+---------+---------+
               | Src:Rise| Src:Fall| Src:Rise| Src:Fall|
Source Clock   |Dest:Rise|Dest:Rise|Dest:Fall|Dest:Fall|
---------------+---------+---------+---------+---------+
clk11          |    3.702|    2.137|    2.894|         |
count_0        |         |         |    1.324|         |
---------------+---------+---------+---------+---------+

Clock to Setup on destination clock clk50
---------------+---------+---------+---------+---------+
               | Src:Rise| Src:Fall| Src:Rise| Src:Fall|
Source Clock   |Dest:Rise|Dest:Rise|Dest:Fall|Dest:Fall|
---------------+---------+---------+---------+---------+
clk50          |    2.216|         |         |         |
---------------+---------+---------+---------+---------+

Clock to Setup on destination clock count_0
---------------+---------+---------+---------+---------+
               | Src:Rise| Src:Fall| Src:Rise| Src:Fall|
Source Clock   |Dest:Rise|Dest:Rise|Dest:Fall|Dest:Fall|
---------------+---------+---------+---------+---------+
clk11          |         |         |    2.557|         |
count_0        |         |         |    2.926|         |
---------------+---------+---------+---------+---------+

=========================================================================


Total REAL time to Xst completion: 9.00 secs
Total CPU time to Xst completion: 8.53 secs
 
--> 

Total memory usage is 149792 kilobytes

Number of errors   :    0 (   0 filtered)
Number of warnings :   15 (   0 filtered)
Number of infos    :   18 (   0 filtered)

