Release 14.7 - xst P.20131013 (lin64)
Copyright (c) 1995-2013 Xilinx, Inc.  All rights reserved.
--> 
Parameter TMPDIR set to xst/projnav.tmp


Total REAL time to Xst completion: 0.00 secs
Total CPU time to Xst completion: 0.07 secs
 
--> 
Parameter xsthdpdir set to xst


Total REAL time to Xst completion: 0.00 secs
Total CPU time to Xst completion: 0.07 secs
 
--> 
Reading design: ps2_controller.prj

TABLE OF CONTENTS
  1) Synthesis Options Summary
  2) HDL Parsing
  3) HDL Elaboration
  4) HDL Synthesis
       4.1) HDL Synthesis Report
  5) Advanced HDL Synthesis
       5.1) Advanced HDL Synthesis Report
  6) Low Level Synthesis
  7) Partition Report
  8) Design Summary
       8.1) Primitive and Black Box Usage
       8.2) Device utilization summary
       8.3) Partition Resource Summary
       8.4) Timing Report
            8.4.1) Clock Information
            8.4.2) Asynchronous Control Signals Information
            8.4.3) Timing Summary
            8.4.4) Timing Details
            8.4.5) Cross Clock Domains Report


=========================================================================
*                      Synthesis Options Summary                        *
=========================================================================
---- Source Parameters
Input File Name                    : "ps2_controller.prj"
Ignore Synthesis Constraint File   : NO

---- Target Parameters
Output File Name                   : "ps2_controller"
Output Format                      : NGC
Target Device                      : xc6slx100-2-fgg676

---- Source Options
Top Module Name                    : ps2_controller
Automatic FSM Extraction           : YES
FSM Encoding Algorithm             : Auto
Safe Implementation                : No
FSM Style                          : LUT
RAM Extraction                     : Yes
RAM Style                          : Auto
ROM Extraction                     : Yes
Shift Register Extraction          : YES
ROM Style                          : Auto
Resource Sharing                   : YES
Asynchronous To Synchronous        : NO
Shift Register Minimum Size        : 2
Use DSP Block                      : Auto
Automatic Register Balancing       : No

---- Target Options
LUT Combining                      : Auto
Reduce Control Sets                : Auto
Add IO Buffers                     : YES
Global Maximum Fanout              : 100000
Add Generic Clock Buffer(BUFG)     : 16
Register Duplication               : YES
Optimize Instantiated Primitives   : NO
Use Clock Enable                   : Auto
Use Synchronous Set                : Auto
Use Synchronous Reset              : Auto
Pack IO Registers into IOBs        : Auto
Equivalent register Removal        : YES

---- General Options
Optimization Goal                  : Speed
Optimization Effort                : 2
Power Reduction                    : NO
Keep Hierarchy                     : No
Netlist Hierarchy                  : Rebuilt
RTL Output                         : No
Global Optimization                : AllClockNets
Read Cores                         : YES
Write Timing Constraints           : NO
Cross Clock Analysis               : NO
Hierarchy Separator                : /
Bus Delimiter                      : <>
Case Specifier                     : Maintain
Slice Utilization Ratio            : 100
BRAM Utilization Ratio             : 100
DSP48 Utilization Ratio            : 100
Auto BRAM Packing                  : NO
Slice Utilization Ratio Delta      : 5

---- Other Options
Cores Search Directories           : {"ipcore_dir"  }

=========================================================================


=========================================================================
*                          HDL Parsing                                  *
=========================================================================
Parsing VHDL file "/home/donghy/document/grade_3_fall/union/absolutely_new/CPU_OS_OPT_v2/CPU_OS_OPT_v2/ps2_module.vhd" into library work
Parsing entity <ps2_module>.
Parsing architecture <Behavioral> of entity <ps2_module>.
Parsing VHDL file "/home/donghy/document/grade_3_fall/union/absolutely_new/CPU_OS_OPT_v2/CPU_OS_OPT_v2/light_controller.vhd" into library work
Parsing entity <light_controller>.
Parsing architecture <Behavioral> of entity <light_controller>.
Parsing VHDL file "/home/donghy/document/grade_3_fall/union/absolutely_new/CPU_OS_OPT_v2/CPU_OS_OPT_v2/ps2_controller.vhd" into library work
Parsing entity <ps2_controller>.
Parsing architecture <Behavioral> of entity <ps2_controller>.

=========================================================================
*                            HDL Elaboration                            *
=========================================================================

Elaborating entity <ps2_controller> (architecture <Behavioral>) from library <work>.

Elaborating entity <ps2_module> (architecture <Behavioral>) from library <work>.
WARNING:HDLCompiler:871 - "/home/donghy/document/grade_3_fall/union/absolutely_new/CPU_OS_OPT_v2/CPU_OS_OPT_v2/ps2_module.vhd" Line 52: Using initial value "00000000" for recvdata since it is never assigned
WARNING:HDLCompiler:92 - "/home/donghy/document/grade_3_fall/union/absolutely_new/CPU_OS_OPT_v2/CPU_OS_OPT_v2/ps2_module.vhd" Line 64: intreq should be on the sensitivity list of the process
WARNING:HDLCompiler:92 - "/home/donghy/document/grade_3_fall/union/absolutely_new/CPU_OS_OPT_v2/CPU_OS_OPT_v2/ps2_module.vhd" Line 67: rst should be on the sensitivity list of the process
WARNING:HDLCompiler:92 - "/home/donghy/document/grade_3_fall/union/absolutely_new/CPU_OS_OPT_v2/CPU_OS_OPT_v2/ps2_module.vhd" Line 70: intreq should be on the sensitivity list of the process
WARNING:HDLCompiler:92 - "/home/donghy/document/grade_3_fall/union/absolutely_new/CPU_OS_OPT_v2/CPU_OS_OPT_v2/ps2_module.vhd" Line 72: shiftpressed should be on the sensitivity list of the process
ERROR:HDLCompiler:410 - "/home/donghy/document/grade_3_fall/union/absolutely_new/CPU_OS_OPT_v2/CPU_OS_OPT_v2/ps2_module.vhd" Line 72: Expression has 9 elements ; expected 8
Netlist ps2_module(Behavioral) remains a blackbox, due to errors in its contents

Elaborating entity <light_controller> (architecture <Behavioral>) from library <work>.
INFO:HDLCompiler:679 - "/home/donghy/document/grade_3_fall/union/absolutely_new/CPU_OS_OPT_v2/CPU_OS_OPT_v2/light_controller.vhd" Line 63. Case statement is complete. others clause is never selected
--> 


Total memory usage is 319412 kilobytes

Number of errors   :    1 (   0 filtered)
Number of warnings :    5 (   0 filtered)
Number of infos    :    0 (   0 filtered)

